{
    "wants_promotion_emails": {
        "title": "Receive commercial emails",
        "description": "Would you like to receive commercial emails for our marketing campaign?",
        "type": "bool",
        "default": false,
        "nullable": false,
        "key": "wants_promotion_emails",
        "value": false
    },
    "delete_account": {
        "title": "Delete my account after inactivity",
        "description": "If I don't login in for a certain amount of days, you may delete my account.",
        "type": "int",
        "default": 365,
        "nullable": true,
        "key": "delete_account",
        "value": 365
    },
    "lang": {
        "title": "What language do you speak?",
        "description": "We'll translate the application to your preferred language.",
        "type": "string",
        "default": "en",
        "nullable": false,
        "key": "lang",
        "value": "nl"
    },
    "app_settings": {
        "dark_mode": {
            "title": "Enable dark mode",
            "description": "Do you want to see this app in dark mode?",
            "type": "bool",
            "default": false,
            "nullable": false,
            "key": "dark_mode",
            "value": "1"
        },
        "primary_color": {
            "title": "The primary color",
            "description": "The app will change into this color",
            "type": "string",
            "default": "#3388ff",
            "nullable": true,
            "key": "primary_color",
            "value": "#3388ff"
        }
    }
}
