{
    "message": "The given data was invalid.",
    "errors": {
        "settings.0.key": [
            "The selected settings.0.key is invalid."
        ],
        "settings.0.value": [
            "The selected settings.0.value is invalid."
        ],
        "settings.0.group": [
            "The selected settings.0.group is invalid."
        ]
    }
}
